../Core/Src/syscalls.c:44:20:ITM_SendChar_Blocking	16	static
../Core/Src/syscalls.c:64:6:initialise_monitor_handles	4	static
../Core/Src/syscalls.c:68:5:_getpid	4	static
../Core/Src/syscalls.c:73:5:_kill	16	static
../Core/Src/syscalls.c:81:6:_exit	16	static
../Core/Src/syscalls.c:87:27:_read	32	static
../Core/Src/syscalls.c:113:5:_write	32	static
../Core/Src/syscalls.c:125:5:_close	16	static
../Core/Src/syscalls.c:132:5:_fstat	16	static
../Core/Src/syscalls.c:139:5:_isatty	16	static
../Core/Src/syscalls.c:145:5:_lseek	24	static
../Core/Src/syscalls.c:153:5:_open	12	static
../Core/Src/syscalls.c:161:5:_wait	16	static
../Core/Src/syscalls.c:168:5:_unlink	16	static
../Core/Src/syscalls.c:175:5:_times	16	static
../Core/Src/syscalls.c:181:5:_stat	16	static
../Core/Src/syscalls.c:188:5:_link	16	static
../Core/Src/syscalls.c:196:5:_fork	8	static
../Core/Src/syscalls.c:202:5:_execve	24	static
