21:53:11 **** Incremental Build of configuration Debug for project EXTI_1 ****
make -j4 all 
arm-none-eabi-gcc "../Core/Src/main.c" -mcpu=cortex-m4 -std=gnu11 -g3 -DDEBUG -DUSE_HAL_DRIVER -DSTM32F446xx -c -I../Core/Inc -I../Drivers/STM32F4xx_HAL_Driver/Inc -I../Drivers/STM32F4xx_HAL_Driver/Inc/Legacy -I../Drivers/CMSIS/Device/ST/STM32F4xx/Include -I../Drivers/CMSIS/Include -O0 -ffunction-sections -fdata-sections -Wall -fstack-usage -fcyclomatic-complexity -MMD -MP -MF"Core/Src/main.d" -MT"Core/Src/main.o" --specs=nano.specs -mfpu=fpv4-sp-d16 -mfloat-abi=hard -mthumb -o "Core/Src/main.o"
arm-none-eabi-gcc -o "EXTI_1.elf" @"objects.list"   -mcpu=cortex-m4 -T"C:\Users\akhil\Stm_32_programmes\Target\EXTI_1\STM32F446RETX_FLASH.ld" --specs=nosys.specs -Wl,-Map="EXTI_1.map" -Wl,--gc-sections -static --specs=nano.specs -mfpu=fpv4-sp-d16 -mfloat-abi=hard -mthumb -Wl,--start-group -lc -lm -Wl,--end-group
Finished building target: EXTI_1.elf
 
arm-none-eabi-size  EXTI_1.elf 
arm-none-eabi-objdump -h -S EXTI_1.elf  > "EXTI_1.list"
   text	   data	    bss	    dec	    hex	filename
   1244	      4	   1572	   2820	    b04	EXTI_1.elf
Finished building: default.size.stdout
 
Finished building: EXTI_1.list
 

21:53:12 Build Finished. 0 errors, 0 warnings. (took 1s.83ms)

