21:20:00 **** Incremental Build of configuration Debug for project UART_1 ****
make -j4 all 
arm-none-eabi-gcc "../Core/Src/main.c" -mcpu=cortex-m4 -std=gnu11 -g3 -DDEBUG -DUSE_HAL_DRIVER -DSTM32F446xx -c -I../Core/Inc -I../Drivers/STM32F4xx_HAL_Driver/Inc -I../Drivers/STM32F4xx_HAL_Driver/Inc/Legacy -I../Drivers/CMSIS/Device/ST/STM32F4xx/Include -I../Drivers/CMSIS/Include -O0 -ffunction-sections -fdata-sections -Wall -fstack-usage -fcyclomatic-complexity -MMD -MP -MF"Core/Src/main.d" -MT"Core/Src/main.o" --specs=nano.specs -mfpu=fpv4-sp-d16 -mfloat-abi=hard -mthumb -o "Core/Src/main.o"
arm-none-eabi-gcc -o "UART_1.elf" @"objects.list"   -mcpu=cortex-m4 -T"C:\Users\akhil\Stm_32_programmes\Target\UART_1\STM32F446RETX_FLASH.ld" --specs=nosys.specs -Wl,-Map="UART_1.map" -Wl,--gc-sections -static --specs=nano.specs -mfpu=fpv4-sp-d16 -mfloat-abi=hard -mthumb -Wl,--start-group -lc -lm -Wl,--end-group
Finished building target: UART_1.elf
 
arm-none-eabi-size  UART_1.elf 
arm-none-eabi-objdump -h -S UART_1.elf  > "UART_1.list"
   text	   data	    bss	    dec	    hex	filename
   1248	      4	   1572	   2824	    b08	UART_1.elf
Finished building: default.size.stdout
 
Finished building: UART_1.list
 
