20:24:13 **** Incremental Build of configuration Debug for project led__cmsis ****
make -j4 all 
arm-none-eabi-gcc "../Core/Src/main.c" -mcpu=cortex-m4 -std=gnu11 -g3 -DDEBUG -DUSE_HAL_DRIVER -DSTM32F446xx -c -I../Core/Inc -IDrivers/CMSIS/Include -IDrivers/CMSIS/Device/ST/STM32F4xx/Include -I../Drivers/STM32F4xx_HAL_Driver/Inc -I../Drivers/STM32F4xx_HAL_Driver/Inc/Legacy -I../Drivers/CMSIS/Device/ST/STM32F4xx/Include -I../Drivers/CMSIS/Include -O0 -ffunction-sections -fdata-sections -Wall -fstack-usage -fcyclomatic-complexity -MMD -MP -MF"Core/Src/main.d" -MT"Core/Src/main.o" --specs=nano.specs -mfpu=fpv4-sp-d16 -mfloat-abi=hard -mthumb -o "Core/Src/main.o"
arm-none-eabi-gcc -o "led__cmsis.elf" @"objects.list"   -mcpu=cortex-m4 -T"C:\Users\akhil\Stm_32_programmes\Target\led__cmsis\STM32F446RETX_FLASH.ld" --specs=nosys.specs -Wl,-Map="led__cmsis.map" -Wl,--gc-sections -static --specs=nano.specs -mfpu=fpv4-sp-d16 -mfloat-abi=hard -mthumb -Wl,--start-group -lc -lm -Wl,--end-group
Finished building target: led__cmsis.elf
 
arm-none-eabi-size  led__cmsis.elf 
arm-none-eabi-objdump -h -S led__cmsis.elf  > "led__cmsis.list"
   text	   data	    bss	    dec	    hex	filename
    940	      4	   1572	   2516	    9d4	led__cmsis.elf
Finished building: default.size.stdout
 
Finished building: led__cmsis.list
 

20:24:14 Build Finished. 0 errors, 0 warnings. (took 918ms)

