17:31:33 **** Incremental Build of configuration Debug for project led_2 ****
make -j4 all 
arm-none-eabi-gcc "../Core/Src/main.c" -mcpu=cortex-m4 -std=gnu11 -g3 -DDEBUG -DUSE_HAL_DRIVER -DSTM32F446xx -c -I../Core/Inc -I../Drivers/STM32F4xx_HAL_Driver/Inc -I../Drivers/STM32F4xx_HAL_Driver/Inc/Legacy -I../Drivers/CMSIS/Device/ST/STM32F4xx/Include -I../Drivers/CMSIS/Include -O0 -ffunction-sections -fdata-sections -Wall -fstack-usage -fcyclomatic-complexity -MMD -MP -MF"Core/Src/main.d" -MT"Core/Src/main.o" --specs=nano.specs -mfpu=fpv4-sp-d16 -mfloat-abi=hard -mthumb -o "Core/Src/main.o"
arm-none-eabi-gcc -o "led_2.elf" @"objects.list"   -mcpu=cortex-m4 -T"C:\Users\akhil\STM32_BareMetal_Practice\led_2\STM32F446RETX_FLASH.ld" --specs=nosys.specs -Wl,-Map="led_2.map" -Wl,--gc-sections -static --specs=nano.specs -mfpu=fpv4-sp-d16 -mfloat-abi=hard -mthumb -Wl,--start-group -lc -lm -Wl,--end-group
Finished building target: led_2.elf
 
arm-none-eabi-size  led_2.elf 
arm-none-eabi-objdump -h -S led_2.elf  > "led_2.list"
   text	   data	    bss	    dec	    hex	filename
   1136	      4	   1572	   2712	    a98	led_2.elf
Finished building: default.size.stdout
 
Finished building: led_2.list
 

17:31:34 Build Finished. 0 errors, 0 warnings. (took 944ms)

