12:03:03 **** Incremental Build of configuration Debug for project led_1 ****
make -j4 all 
arm-none-eabi-gcc "../Core/Src/main.c" -mcpu=cortex-m4 -std=gnu11 -g3 -DDEBUG -DUSE_HAL_DRIVER -DSTM32F446xx -c -I../Core/Inc -I../Drivers/STM32F4xx_HAL_Driver/Inc -I../Drivers/STM32F4xx_HAL_Driver/Inc/Legacy -I../Drivers/CMSIS/Device/ST/STM32F4xx/Include -I../Drivers/CMSIS/Include -O0 -ffunction-sections -fdata-sections -Wall -fstack-usage -fcyclomatic-complexity -MMD -MP -MF"Core/Src/main.d" -MT"Core/Src/main.o" --specs=nano.specs -mfpu=fpv4-sp-d16 -mfloat-abi=hard -mthumb -o "Core/Src/main.o"
arm-none-eabi-gcc -o "led_1.elf" @"objects.list"   -mcpu=cortex-m4 -T"C:\Users\akhil\Stm_32_programmes\Target\led_1\STM32F446RETX_FLASH.ld" --specs=nosys.specs -Wl,-Map="led_1.map" -Wl,--gc-sections -static --specs=nano.specs -mfpu=fpv4-sp-d16 -mfloat-abi=hard -mthumb -Wl,--start-group -lc -lm -Wl,--end-group
Finished building target: led_1.elf
 
arm-none-eabi-size  led_1.elf 
arm-none-eabi-objdump -h -S led_1.elf  > "led_1.list"
   text	   data	    bss	    dec	    hex	filename
   1052	      4	   1572	   2628	    a44	led_1.elf
Finished building: default.size.stdout
 
Finished building: led_1.list
 

12:03:05 Build Finished. 0 errors, 0 warnings. (took 2s.76ms)

